// Jest Snapshot v1, https://goo.gl/fbAQLP

exports[`api/queries/getMarkets it fetches and formats markets correctly 1`] = `
Object {
  "dailyXvsDistributedWei": "6.4731799999999937664e+21",
  "markets": Array [
    Object {
      "address": "0x2ff3d0f6990a40261c66e1ff2017acbc282eb6d0",
      "borrowApy": -2.2727986797494064,
      "borrowCapTokens": "0",
      "borrowDailyXvsWei": "24999999999999984000",
      "borrowRatePerBlock": "2143834691",
      "borrowerCount": 1051,
      "collateralFactor": "0.5",
      "decimals": 18,
      "exchangeRate": "2.01492943520034512247108009e+26",
      "id": "sxp",
      "liquidityCents": 8202114285.27751,
      "name": "Venus SXP",
      "reserveFactor": "0.2",
      "supplierCount": 2513,
      "supplyApy": 0.04560594650624587,
      "supplyDailyXvsWei": "24999999999999984000",
      "supplyRatePerBlock": "43493951",
      "symbol": "vSXP",
      "tokenPriceDollars": 1.26982118,
      "totalBorrowsCents": 213408577.91949055,
      "totalBorrowsTokens": "1680619.139771243670458756",
      "totalBorrowsWei": "1.680619139771243670458756e+24",
      "totalReservesWei": "2.567838455166104818877e+21",
      "totalSupplyCents": 8415196792.16724,
      "totalSupplyTokens": "3288984816.69516222",
      "totalSupplyWei": "328898481669516222",
      "totalXvsDistributedWei": "1.77480101593825311730369e+23",
      "underlyingAddress": "0x47bead2563dcbf3bf2c9407fea4dc236faba485a",
      "underlyingDecimals": 18,
      "underlyingName": "Swipe",
      "underlyingPrice": 1269821180000000000,
      "underlyingSymbol": "SXP",
      "borrowXvsApr": 4.0244229574504224,
      "borrowXvsApy": 4.0244229574504224,
      "supplyXvsApr": 0.10011417390172489,
      "supplyXvsApy": 0.10011417390172489,
    },
    Object {
      "address": "0x151b1e2635a717bcdc836ecd6fbb62b674fe3e1d",
      "borrowApy": -0.009643953111912606,
      "borrowCapTokens": "1e-18",
      "borrowDailyXvsWei": "0",
      "borrowRatePerBlock": "9198994",
      "borrowerCount": 78,
      "collateralFactor": "0.6",
      "decimals": 18,
      "exchangeRate": "2.01107934211465497850217764e+26",
      "id": "xvs",
      "liquidityCents": 1927084175.369697,
      "name": "Venus XVS",
      "reserveFactor": "0.25",
      "supplierCount": 12503,
      "supplyApy": 2.9038464042e-7,
      "supplyDailyXvsWei": "0",
      "supplyRatePerBlock": "277",
      "symbol": "vXVS",
      "tokenPriceDollars": 9.22805687,
      "totalBorrowsCents": 77648.42370649251,
      "totalBorrowsTokens": "84.143850433913183611",
      "totalBorrowsWei": "84143850433913183611",
      "totalReservesWei": "81086775799587213",
      "totalSupplyCents": 1927161748.966046,
      "totalSupplyTokens": "103843352.32437156",
      "totalSupplyWei": "10384335232437156",
      "totalXvsDistributedWei": "4.83750046415930053940052e+23",
      "underlyingAddress": "0xcf6bb5389c92bdda8a3747ddb454cb7a64626c63",
      "underlyingDecimals": 18,
      "underlyingName": "Venus",
      "underlyingPrice": 9228056870000000000,
      "underlyingSymbol": "XVS",
      "borrowXvsApr": 0,
      "borrowXvsApy": 0,
      "supplyXvsApr": 0,
      "supplyXvsApy": 0,
    },
    Object {
      "address": "0xeca88125a5adbe82614ffc12d0db554e2e2867c8",
      "borrowApy": -3.761523524224586,
      "borrowCapTokens": "0",
      "borrowDailyXvsWei": "312499999999998720000",
      "borrowRatePerBlock": "3522484548",
      "borrowerCount": 3597,
      "collateralFactor": "0.8",
      "decimals": 6,
      "exchangeRate": "2.13466528952443752170656105e+26",
      "id": "usdc",
      "liquidityCents": 2560799234.0794487,
      "name": "Venus USDC",
      "reserveFactor": "0.1",
      "supplierCount": 3115,
      "supplyApy": 2.4916697807402866,
      "supplyDailyXvsWei": "312499999999998720000",
      "supplyRatePerBlock": "2347772713",
      "symbol": "vUSDC",
      "tokenPriceDollars": 0.99996981,
      "totalBorrowsCents": 7249493676.876137,
      "totalBorrowsTokens": "72497125.456978908258376306",
      "totalBorrowsWei": "7.2497125456978908258376306e+25",
      "totalReservesWei": "2.11832143438541916732786e+23",
      "totalSupplyCents": 9789110290.167763,
      "totalSupplyTokens": "4585920743.8140018",
      "totalSupplyWei": "458592074381400180",
      "totalXvsDistributedWei": "3.55007025134018244131137e+23",
      "underlyingAddress": "0x8ac76a51cc950d9822d68b83fe1ad97b32cd580d",
      "underlyingDecimals": 18,
      "underlyingName": "USD Coin",
      "underlyingPrice": 999969810000000000,
      "underlyingSymbol": "USDC",
      "borrowXvsApr": 1.462491705320502,
      "borrowXvsApy": 1.462491705320502,
      "supplyXvsApr": 1.0810367695967673,
      "supplyXvsApy": 1.0810367695967673,
    },
    Object {
      "address": "0xfd5840cd36d94d7229439859c0112a4185bc0255",
      "borrowApy": -2.9703814059183173,
      "borrowCapTokens": "0",
      "borrowDailyXvsWei": "312499999999998720000",
      "borrowRatePerBlock": "2792313290",
      "borrowerCount": 4341,
      "collateralFactor": "0.8",
      "decimals": 6,
      "exchangeRate": "2.15726585029934472865611642e+26",
      "id": "usdt",
      "liquidityCents": 12225155525.98017,
      "name": "Venus USDT",
      "reserveFactor": "0.1",
      "supplierCount": 6809,
      "supplyApy": 1.5585956535950067,
      "supplyDailyXvsWei": "312499999999998720000",
      "supplyRatePerBlock": "1475319708",
      "symbol": "vUSDT",
      "tokenPriceDollars": 1.00044886,
      "totalBorrowsCents": 17322826801.124554,
      "totalBorrowsTokens": "173150547.656424470342628958",
      "totalBorrowsWei": "1.73150547656424470342628958e+26",
      "totalReservesWei": "3.99987865163611265097849e+23",
      "totalSupplyCents": 29507965552.873516,
      "totalSupplyTokens": "13672272495.2149953",
      "totalSupplyWei": "1367227249521499530",
      "totalXvsDistributedWei": "3.75357553920302469599267e+23",
      "underlyingAddress": "0x55d398326f99059ff775485246999027b3197955",
      "underlyingDecimals": 18,
      "underlyingName": "Tether USD",
      "underlyingPrice": 1000448860000000000,
      "underlyingSymbol": "USDT",
      "borrowXvsApr": 0.6094679390854048,
      "borrowXvsApy": 0.6094679390854048,
      "supplyXvsApr": 0.3573440608235333,
      "supplyXvsApy": 0.3573440608235333,
    },
    Object {
      "address": "0x95c78222b3d6e262426483d42cfa53685a67ab9d",
      "borrowApy": -3.5101569389736675,
      "borrowCapTokens": "0",
      "borrowDailyXvsWei": "312499999999998720000",
      "borrowRatePerBlock": "3291093516",
      "borrowerCount": 7569,
      "collateralFactor": "0.8",
      "decimals": 18,
      "exchangeRate": "2.13867545060332830490111333e+26",
      "id": "busd",
      "liquidityCents": 6435878745.863623,
      "name": "Venus BUSD",
      "reserveFactor": "0.1",
      "supplierCount": 8384,
      "supplyApy": 2.1716655736461843,
      "supplyDailyXvsWei": "312499999999998720000",
      "supplyRatePerBlock": "2049454604",
      "symbol": "vBUSD",
      "tokenPriceDollars": 1.00008715,
      "totalBorrowsCents": 14381571319.848663,
      "totalBorrowsTokens": "143803180.751284157183518828",
      "totalBorrowsWei": "1.43803180751284157183518828e+26",
      "totalReservesWei": "3.24121843988613263458023e+23",
      "totalSupplyCents": 20785034980.861805,
      "totalSupplyTokens": "9717801603.34815055",
      "totalSupplyWei": "971780160334815055",
      "totalXvsDistributedWei": "3.41937625769686938974988e+23",
      "underlyingAddress": "0xe9e7cea3dedca5984780bafc599bd69add087d56",
      "underlyingDecimals": 18,
      "underlyingName": "BUSD Token",
      "underlyingPrice": 1000087150000000000,
      "underlyingSymbol": "BUSD",
      "borrowXvsApr": 0.7345691597050541,
      "borrowXvsApy": 0.7345691597050541,
      "supplyXvsApr": 0.5076910273663743,
      "supplyXvsApy": 0.5076910273663743,
    },
    Object {
      "address": "0xa07c5b74c9b40447a954e1466938b865b6bbea36",
      "borrowApy": -2.696617877046308,
      "borrowCapTokens": "0",
      "borrowDailyXvsWei": "750000000000000960000",
      "borrowRatePerBlock": "2538344298",
      "borrowerCount": 8262,
      "collateralFactor": "0.8",
      "decimals": 18,
      "exchangeRate": "2.15536954992324195629785701e+26",
      "id": "bnb",
      "liquidityCents": 22790428552.661007,
      "name": "Venus BNB",
      "reserveFactor": "0.2",
      "supplierCount": 18187,
      "supplyApy": 0.47447625040749575,
      "supplyDailyXvsWei": "750000000000000960000",
      "supplyRatePerBlock": "451538879",
      "symbol": "vBNB",
      "tokenPriceDollars": 378.88806511,
      "totalBorrowsCents": 6295094909.691155,
      "totalBorrowsTokens": "166146.561197791854969973",
      "totalBorrowsWei": "1.66146561197791854969973e+23",
      "totalReservesWei": "2.0455036194465794970859e+22",
      "totalSupplyCents": 28310506528.237957,
      "totalSupplyTokens": "34666897.10352805",
      "totalSupplyWei": "3466689710352805",
      "totalXvsDistributedWei": "7.47123885511855366060707e+23",
      "underlyingAddress": undefined,
      "underlyingDecimals": 18,
      "underlyingName": "BNB",
      "underlyingPrice": 378888065110000000000,
      "underlyingSymbol": "BNB",
      "borrowXvsApr": 4.094311397095556,
      "borrowXvsApy": 4.094311397095556,
      "supplyXvsApr": 0.8962940015030231,
      "supplyXvsApy": 0.8962940015030231,
    },
    Object {
      "address": "0x882c173bc7ff3b7786ca16dfed3dfffb9ee7847b",
      "borrowApy": -3.6007663219975874,
      "borrowCapTokens": "0",
      "borrowDailyXvsWei": "750000000000000960000",
      "borrowRatePerBlock": "3374566897",
      "borrowerCount": 788,
      "collateralFactor": "0.8",
      "decimals": 18,
      "exchangeRate": "2.02048304557639842974874803e+26",
      "id": "btcb",
      "liquidityCents": 51618726109.79514,
      "name": "Venus BTC",
      "reserveFactor": "0.2",
      "supplierCount": 9362,
      "supplyApy": 0.43887174906110615,
      "supplyDailyXvsWei": "750000000000000960000",
      "supplyRatePerBlock": "417729462",
      "symbol": "vBTC",
      "tokenPriceDollars": 38730.953,
      "totalBorrowsCents": 9445338175.198904,
      "totalBorrowsTokens": "2438.705336065163004087",
      "totalBorrowsWei": "2.438705336065163004087e+21",
      "totalReservesWei": "5638656973486157739",
      "totalSupplyCents": 61042224833.93513,
      "totalSupplyTokens": "780040.15592155",
      "totalSupplyWei": "78004015592155",
      "totalXvsDistributedWei": "6.97706507397023524140129e+23",
      "underlyingAddress": "0x7130d2a12b9bcbfae4f2634d864a1ee1ce3ead9c",
      "underlyingDecimals": 18,
      "underlyingName": "BTCB Token",
      "underlyingPrice": 3.8730953e+22,
      "underlyingSymbol": "BTCB",
      "borrowXvsApr": 2.7105121463253683,
      "borrowXvsApy": 2.7105121463253683,
      "supplyXvsApr": 0.41469664722409644,
      "supplyXvsApy": 0.41469664722409644,
    },
    Object {
      "address": "0xf508fcd89b8bd15579dc79a6827cb4686a3592c8",
      "borrowApy": -3.470527688149173,
      "borrowCapTokens": "0",
      "borrowDailyXvsWei": "374999999999999040000",
      "borrowRatePerBlock": "3254562386",
      "borrowerCount": 803,
      "collateralFactor": "0.8",
      "decimals": 18,
      "exchangeRate": "2.02056966258099651937819735e+26",
      "id": "eth",
      "liquidityCents": 28092542847.891148,
      "name": "Venus ETH",
      "reserveFactor": "0.2",
      "supplierCount": 7110,
      "supplyApy": 0.3886607798033349,
      "supplyDailyXvsWei": "374999999999999040000",
      "supplyRatePerBlock": "370029678",
      "symbol": "vETH",
      "tokenPriceDollars": 2717.4092594,
      "totalBorrowsCents": 4652150229.851025,
      "totalBorrowsTokens": "17119.799727473558606738",
      "totalBorrowsWei": "1.7119799727473558606738e+22",
      "totalReservesWei": "39227347238904528622",
      "totalSupplyCents": 32734032805.537586,
      "totalSupplyTokens": "5961707.08774439",
      "totalSupplyWei": "596170708774439",
      "totalXvsDistributedWei": "3.28806488331090516496675e+23",
      "underlyingAddress": "0x2170ed0880ac9a755fd29b2688956bd959f933f8",
      "underlyingDecimals": 18,
      "underlyingName": "Ethereum Token",
      "underlyingPrice": 2.7174092594e+21,
      "underlyingSymbol": "ETH",
      "borrowXvsApr": 2.752157761294798,
      "borrowXvsApy": 2.752157761294798,
      "supplyXvsApr": 0.38660791831185626,
      "supplyXvsApy": 0.38660791831185626,
    },
    Object {
      "address": "0x57a5297f2cb2c0aac9d554660acd6d385ab50c6b",
      "borrowApy": -3.546632247754933,
      "borrowCapTokens": "0",
      "borrowDailyXvsWei": "22909999999999996800",
      "borrowRatePerBlock": "3324704947",
      "borrowerCount": 330,
      "collateralFactor": "0.6",
      "decimals": 18,
      "exchangeRate": "2.01498313733775544538919428e+26",
      "id": "ltc",
      "liquidityCents": 998484668.059616,
      "name": "Venus LTC",
      "reserveFactor": "0.2",
      "supplierCount": 1373,
      "supplyApy": 0.41769640074288744,
      "supplyDailyXvsWei": "22909999999999996800",
      "supplyRatePerBlock": "397616050",
      "symbol": "vLTC",
      "tokenPriceDollars": 111.03775589,
      "totalBorrowsCents": 175024848.0092619,
      "totalBorrowsTokens": "15762.642770144866868546",
      "totalBorrowsWei": "1.5762642770144866868546e+22",
      "totalReservesWei": "245220946920020084917",
      "totalSupplyCents": 1170786529.586759,
      "totalSupplyTokens": "5232817.9399172",
      "totalSupplyWei": "523281793991720",
      "totalXvsDistributedWei": "1.9858941727110934207691e+22",
      "underlyingAddress": "0x4338665cbb7b2485a8855a139b75d5e34ab0db94",
      "underlyingDecimals": 18,
      "underlyingName": "Litecoin Token",
      "underlyingPrice": 111037755890000000000,
      "underlyingSymbol": "LTC",
      "borrowXvsApr": 4.507239509372349,
      "borrowXvsApy": 4.507239509372349,
      "supplyXvsApr": 0.6612696122336109,
      "supplyXvsApy": 0.6612696122336109,
    },
    Object {
      "address": "0xb248a295732e0225acd3337607cc01068e3b9c10",
      "borrowApy": -4.194135622953863,
      "borrowCapTokens": "0",
      "borrowDailyXvsWei": "22909999999999996800",
      "borrowRatePerBlock": "3919412064",
      "borrowerCount": 420,
      "collateralFactor": "0.6",
      "decimals": 18,
      "exchangeRate": "2.01573839100918893567153989e+26",
      "id": "xrp",
      "liquidityCents": 3575305040.693879,
      "name": "Venus XRP",
      "reserveFactor": "0.2",
      "supplierCount": 1736,
      "supplyApy": 0.6993075498678951,
      "supplyDailyXvsWei": "22909999999999996800",
      "supplyRatePerBlock": "664759239",
      "symbol": "vXRP",
      "tokenPriceDollars": 0.7865,
      "totalBorrowsCents": 960311916.0853516,
      "totalBorrowsTokens": "12209941.717550560150245608",
      "totalBorrowsWei": "1.2209941717550560150245608e+25",
      "totalReservesWei": "7.6660166816935700014831e+22",
      "totalSupplyCents": 4529587533.034964,
      "totalSupplyTokens": "2857102113.433781",
      "totalSupplyWei": "285710211343378100",
      "totalXvsDistributedWei": "1.6787834562020104530068e+22",
      "underlyingAddress": "0x1d2f0da169ceb9fc7b3144628db156f3f6c60dbe",
      "underlyingDecimals": 18,
      "underlyingName": "XRP Token",
      "underlyingPrice": 786500000000000000,
      "underlyingSymbol": "XRP",
      "borrowXvsApr": 0.8067837932088562,
      "borrowXvsApy": 0.8067837932088562,
      "supplyXvsApr": 0.17050555436182,
      "supplyXvsApy": 0.17050555436182,
    },
    Object {
      "address": "0x9a0af7fdb2065ce470d72664de73cae409da28ec",
      "borrowApy": -4.57742958740456,
      "borrowCapTokens": "0",
      "borrowDailyXvsWei": "37499999999999904000",
      "borrowRatePerBlock": "4269718774",
      "borrowerCount": 557,
      "collateralFactor": "0.6",
      "decimals": 18,
      "exchangeRate": "2.00969149527553767192551862e+26",
      "id": "ada",
      "liquidityCents": 1828884020.2818527,
      "name": "Venus ADA",
      "reserveFactor": "0.2",
      "supplierCount": 4067,
      "supplyApy": 0.8949973700120541,
      "supplyDailyXvsWei": "37499999999999904000",
      "supplyRatePerBlock": "849956990",
      "symbol": "vADA",
      "tokenPriceDollars": 0.9525814,
      "totalBorrowsCents": 604178584.6177672,
      "totalBorrowsTokens": "6342540.224045600742609746",
      "totalBorrowsWei": "6.342540224045600742609746e+24",
      "totalReservesWei": "5.2653410971621662603857e+22",
      "totalSupplyCents": 2428046732.5323486,
      "totalSupplyTokens": "1268310387.69693189",
      "totalSupplyWei": "126831038769693189",
      "totalXvsDistributedWei": "2.3788821028586576763551e+22",
      "underlyingAddress": "0x3ee2200efb3400fabb9aacf31297cbdd1d435d47",
      "underlyingDecimals": 18,
      "underlyingName": "Cardano Token",
      "underlyingPrice": 952581400000000000,
      "underlyingSymbol": "ADA",
      "borrowXvsApr": 2.1125357580265858,
      "borrowXvsApy": 2.1125357580265858,
      "supplyXvsApr": 0.5215600978440001,
      "supplyXvsApy": 0.5215600978440001,
    },
    Object {
      "address": "0xec3422ef92b2fb59e84c8b02ba73f1fe84ed8d71",
      "borrowApy": -3.0871804666010583,
      "borrowCapTokens": "0",
      "borrowDailyXvsWei": "12500000000000006400",
      "borrowRatePerBlock": "2900462304",
      "borrowerCount": 466,
      "collateralFactor": "0.4",
      "decimals": 8,
      "exchangeRate": "20098485512781768",
      "id": "doge",
      "liquidityCents": 889523300.5942034,
      "name": "Venus DOGE",
      "reserveFactor": "0.2",
      "supplierCount": 1770,
      "supplyApy": 0.25548484931203025,
      "supplyDailyXvsWei": "12500000000000006400",
      "supplyRatePerBlock": "243398901",
      "symbol": "vDOGE",
      "tokenPriceDollars": 0.1381732,
      "totalBorrowsCents": 104120310.21734834,
      "totalBorrowsTokens": "7535492.42670419",
      "totalBorrowsWei": "753549242670419",
      "totalReservesWei": "7562853068188",
      "totalSupplyCents": 992598606.7266116,
      "totalSupplyTokens": "3574263057.75782887",
      "totalSupplyWei": "357426305775782887",
      "totalXvsDistributedWei": "5.252196575046427185419e+21",
      "underlyingAddress": "0xba2ae424d960c26247dd6c32edc70b295c744c43",
      "underlyingDecimals": 8,
      "underlyingName": "Dogecoin",
      "underlyingPrice": 1.381732e+27,
      "underlyingSymbol": "DOGE",
      "borrowXvsApr": 4.126325533925632,
      "borrowXvsApy": 4.126325533925632,
      "supplyXvsApr": 0.4250679374499045,
      "supplyXvsApy": 0.4250679374499045,
    },
    Object {
      "address": "0x5c9476fcd6a4f9a3654139721c949c2233bbbbc8",
      "borrowApy": -6.021090428923029,
      "borrowCapTokens": "0",
      "borrowDailyXvsWei": "25000000000000012800",
      "borrowRatePerBlock": "5577738727",
      "borrowerCount": 175,
      "collateralFactor": "0.6",
      "decimals": 18,
      "exchangeRate": "2.02579123174276480790131763e+26",
      "id": "matic",
      "liquidityCents": 570717054.4248003,
      "name": "Venus MATIC",
      "reserveFactor": "0.2",
      "supplierCount": 1079,
      "supplyApy": 1.2120565833209715,
      "supplyDailyXvsWei": "25000000000000012800",
      "supplyRatePerBlock": "1149257798",
      "symbol": "vMATIC",
      "tokenPriceDollars": 1.53905686,
      "totalBorrowsCents": 196772306.56551942,
      "totalBorrowsTokens": "1278525.25582140892387535",
      "totalBorrowsWei": "1.27852525582140892387535e+24",
      "totalReservesWei": "2.2675346174851529729172e+22",
      "totalSupplyCents": 763999301.1395446,
      "totalSupplyTokens": "245043738.28330093",
      "totalSupplyWei": "24504373828330093",
      "totalXvsDistributedWei": "7.210734826642601455493e+21",
      "underlyingAddress": "0xcc42724c6683b7e57334c4e856f4c9965ed682bd",
      "underlyingDecimals": 18,
      "underlyingName": "Matic Token",
      "underlyingPrice": 1539056860000000000,
      "underlyingSymbol": "MATIC",
      "borrowXvsApr": 4.371986476561703,
      "borrowXvsApy": 4.371986476561703,
      "supplyXvsApr": 1.1082535206661832,
      "supplyXvsApy": 1.1082535206661832,
    },
    Object {
      "address": "0x86ac3974e2bd0d60825230fa6f355ff11409df5c",
      "borrowApy": -58.53586807119369,
      "borrowCapTokens": "2500000",
      "borrowDailyXvsWei": "25000000000000012800",
      "borrowRatePerBlock": "43984898367",
      "borrowerCount": 253,
      "collateralFactor": "0.55",
      "decimals": 18,
      "exchangeRate": "2.3391794102317509685346606e+26",
      "id": "cake",
      "liquidityCents": 297999372.68016124,
      "name": "Venus CAKE",
      "reserveFactor": "0.25",
      "supplierCount": 2724,
      "supplyApy": 28.14998881219623,
      "supplyDailyXvsWei": "25000000000000012800",
      "supplyRatePerBlock": "23667935695",
      "symbol": "vCAKE",
      "tokenPriceDollars": 7.29685918,
      "totalBorrowsCents": 674184729.7063012,
      "totalBorrowsTokens": "923938.249424050550496198",
      "totalBorrowsWei": "9.23938249424050550496198e+23",
      "totalReservesWei": "4.4537529401736819309659e+22",
      "totalSupplyCents": 939684611.9972533,
      "totalSupplyTokens": "55053206.31050447",
      "totalSupplyWei": "5505320631050447",
      "totalXvsDistributedWei": "7.696137404784649038162e+21",
      "underlyingAddress": "0x0e09fabb73bd3ade0a17ecc321fd13a19e81ce82",
      "underlyingDecimals": 18,
      "underlyingName": "PancakeSwap Token",
      "underlyingPrice": 7296859180000000000,
      "underlyingSymbol": "Cake",
      "borrowXvsApr": 1.256816142138577,
      "borrowXvsApy": 1.256816142138577,
      "supplyXvsApr": 0.9001253550492431,
      "supplyXvsApy": 0.9001253550492431,
    },
    Object {
      "address": "0x26da28954763b92139ed49283625cecaf52c6f94",
      "borrowApy": -6.590005367254054,
      "borrowCapTokens": "0",
      "borrowDailyXvsWei": "12500000000000006400",
      "borrowRatePerBlock": "6088327809",
      "borrowerCount": 125,
      "collateralFactor": "0.55",
      "decimals": 18,
      "exchangeRate": "2.01938784105735178758019971e+26",
      "id": "aave",
      "liquidityCents": 144031045.29157817,
      "name": "Venus AAVE",
      "reserveFactor": "0.25",
      "supplierCount": 371,
      "supplyApy": 1.5435755126083337,
      "supplyDailyXvsWei": "12500000000000006400",
      "supplyRatePerBlock": "1461210133",
      "symbol": "vAAVE",
      "tokenPriceDollars": 140.84170497,
      "totalBorrowsCents": 67483375.1925436,
      "totalBorrowsTokens": "4791.43412861395716129",
      "totalBorrowsWei": "4.79143412861395716129e+21",
      "totalReservesWei": "45140775721754190321",
      "totalSupplyCents": 210878033.21739095,
      "totalSupplyTokens": "741447.3744142",
      "totalSupplyWei": "74144737441420",
      "totalXvsDistributedWei": "3.337288786277300534423e+21",
      "underlyingAddress": "0xfb6115445bff7b52feb98650c87f44907e58f802",
      "underlyingDecimals": 18,
      "underlyingName": "Aave Token",
      "underlyingPrice": 140841704970000000000,
      "underlyingSymbol": "AAVE",
      "borrowXvsApr": 6.437190381273851,
      "borrowXvsApy": 6.437190381273851,
      "supplyXvsApr": 2.0165661981702305,
      "supplyXvsApy": 2.0165661981702305,
    },
    Object {
      "address": "0x08ceb3f4a7ed3500ca0982bcd0fc7816688084c3",
      "borrowApy": -2.691039277376402,
      "borrowCapTokens": "0",
      "borrowDailyXvsWei": "25000000000000012800",
      "borrowRatePerBlock": "2533162044",
      "borrowerCount": 371,
      "collateralFactor": "0.8",
      "decimals": 18,
      "exchangeRate": "2.03441204525962178681687525e+26",
      "id": "tusd",
      "liquidityCents": 1068488919.5874296,
      "name": "Venus TUSD",
      "reserveFactor": "0.2",
      "supplierCount": 81,
      "supplyApy": 1.1378304016102618,
      "supplyDailyXvsWei": "25000000000000012800",
      "supplyRatePerBlock": "1079272916",
      "symbol": "vTUSD",
      "tokenPriceDollars": 1,
      "totalBorrowsCents": 1207084069.0739722,
      "totalBorrowsTokens": "12070840.690739721143513874",
      "totalBorrowsWei": "1.2070840690739721143513874e+25",
      "totalReservesWei": "9.0553132591835477739218e+22",
      "totalSupplyCents": 2266517573.2737617,
      "totalSupplyTokens": "1114089733.47113641",
      "totalSupplyWei": "111408973347113641",
      "totalXvsDistributedWei": "6.542780663380223439309e+21",
      "underlyingAddress": "0x14016e85a25aeb13065688cafb43044c2ef86784",
      "underlyingDecimals": 18,
      "underlyingName": "TrueUSD",
      "underlyingPrice": 1000000000000000000,
      "underlyingSymbol": "TUSD",
      "borrowXvsApr": 0.7000308013094285,
      "borrowXvsApy": 0.7000308013094285,
      "supplyXvsApr": 0.37221067883189995,
      "supplyXvsApy": 0.37221067883189995,
    },
    Object {
      "address": "0x61edcfe8dd6ba3c891cb9bec2dc7657b3b422e93",
      "borrowApy": -11.494726516579295,
      "borrowCapTokens": "0",
      "borrowDailyXvsWei": "25000000000000012800",
      "borrowRatePerBlock": "10380739845",
      "borrowerCount": 17,
      "collateralFactor": "0.6",
      "decimals": 18,
      "exchangeRate": "2.01815927450917838589476964e+26",
      "id": "trx",
      "liquidityCents": 125065857.00570436,
      "name": "Venus TRX",
      "reserveFactor": "0.2",
      "supplierCount": 72,
      "supplyApy": 5.308310885255355,
      "supplyDailyXvsWei": "25000000000000012800",
      "supplyRatePerBlock": "4934164253",
      "symbol": "vTRX",
      "tokenPriceDollars": 0.06278016,
      "totalBorrowsCents": 182071889.21764478,
      "totalBorrowsTokens": "29001501.305132830048912255",
      "totalBorrowsWei": "2.9001501305132830048912255e+25",
      "totalReservesWei": "1.11154013376040104006458e+23",
      "totalSupplyCents": 306439454.6047816,
      "totalSupplyTokens": "2418615459.20295187",
      "totalSupplyWei": "241861545920295187",
      "totalXvsDistributedWei": "3.248477697448450126535e+21",
      "underlyingAddress": "0x85eac5ac2f758618dfa09bdbe0cf174e7d574d5b",
      "underlyingDecimals": 18,
      "underlyingName": "TRON",
      "underlyingPrice": 62780160000000000,
      "underlyingSymbol": "TRX",
      "borrowXvsApr": 4.733186111910765,
      "borrowXvsApy": 4.733186111910765,
      "supplyXvsApr": 2.785880609448689,
      "supplyXvsApy": 2.785880609448689,
    },
  ],
}
`;
