// Jest Snapshot v1, https://goo.gl/fbAQLP

exports[`api/queries/useGetUserMarketInfo calculates totals and formats user markets correctly 1`] = `
Object {
  "dailyXvsDistributedWei": "0",
  "totalXvsDistributedWei": "3.160602105232967944836476e+24",
  "userMarkets": Array [
    Object {
      "address": "0x74469281310195a04840daf6edf576f559a3de80",
      "borrowApy": "-4.6398079628683675",
      "borrowBalanceTokens": "118.827983172626313436",
      "borrowCapTokens": "0",
      "borrowDailyXvsWei": "24999999999999984000",
      "borrowRatePerBlock": "4326607537",
      "borrowXvsApr": "1.051224864211795426",
      "borrowXvsApy": "1.351224864211795426",
      "borrowerCount": 306,
      "collateral": true,
      "collateralFactor": "500000000000000000",
      "exchangeRate": "2.04649645805154485586449453e+26",
      "id": "sxp",
      "liquidityCents": 1990848.6743691696,
      "name": "Venus SXP",
      "percentOfLimit": 0,
      "reserveFactor": "100000000000000000",
      "supplierCount": 898,
      "supplyApy": "1.045586251269331278",
      "supplyBalanceTokens": "117016.712722872983975881",
      "supplyDailyXvsWei": "24999999999999984000",
      "supplyRatePerBlock": "992228200",
      "supplyXvsApr": "0.14260730848036692",
      "supplyXvsApy": "0.34260730848036692",
      "symbol": "vSXP",
      "tokenPriceDollars": 0.67408826,
      "totalBorrowsCents": 679853.0036106606,
      "totalBorrowsTokens": "1008551.9121941992969102",
      "totalBorrowsWei": "1.0085519121941992969102e+24",
      "totalReservesWei": "4.082328070983454972979e+21",
      "totalSupplyCents": 2667946.507810822,
      "totalSupplyTokens": "193396832.54955736",
      "totalSupplyWei": "19339683254955736",
      "totalXvsDistributedWei": "3.18096577508901224663352e+23",
      "underlyingAddress": "0x75107940cf1121232c0559c747a986defbc69da9",
      "underlyingDecimals": 18,
      "underlyingName": "SXP",
      "underlyingSymbol": "SXP",
      "walletBalanceTokens": "10291786454.9",
    },
    Object {
      "address": "0xd5c4c2e2facbeb59d0216d0595d63fcdc6f9a1a7",
      "borrowApy": "-2.0144969997738267",
      "borrowBalanceTokens": "1000.206699",
      "borrowCapTokens": "0",
      "borrowDailyXvsWei": "499999996800000000000",
      "borrowRatePerBlock": "1902595684",
      "borrowXvsApr": "0.000001125348834693",
      "borrowXvsApy": "0.000002125348834693",
      "borrowerCount": 232,
      "collateral": true,
      "collateralFactor": "810000000000000000",
      "exchangeRate": "212011549621769",
      "id": "usdc",
      "liquidityCents": 10001830379044495000,
      "name": "Venus USDC",
      "percentOfLimit": 0,
      "reserveFactor": "100000000000000000",
      "supplierCount": 638,
      "supplyApy": "0.000001539982091825",
      "supplyBalanceTokens": "0",
      "supplyDailyXvsWei": "499999996800000000000",
      "supplyRatePerBlock": "1469",
      "supplyXvsApr": "8.24635e-13",
      "supplyXvsApy": "1.824635e-12",
      "symbol": "vUSDC",
      "tokenPriceDollars": 1.00008302,
      "totalBorrowsCents": 8586825737948.073,
      "totalBorrowsTokens": "8586112918853.550179",
      "totalBorrowsWei": "8586112918853550179",
      "totalReservesWei": "47245578337903163",
      "totalSupplyCents": 10001838918443320000,
      "totalSupplyTokens": "471719991318792715272.0001083",
      "totalSupplyWei": "4.717199913187927152720001083e+28",
      "totalXvsDistributedWei": "2.61028193413428193742555e+23",
      "underlyingAddress": "0x16227d60f7a0e586c66b005219dfc887d13c9531",
      "underlyingDecimals": 6,
      "underlyingName": "USDC",
      "underlyingSymbol": "USDC",
      "walletBalanceTokens": "21328466.322837",
    },
    Object {
      "address": "0xb7526572ffe56ab9d7489838bf2e18e3323b441a",
      "borrowApy": "-2.014488268288307",
      "borrowBalanceTokens": "27227759.175556",
      "borrowCapTokens": "0",
      "borrowDailyXvsWei": "499999996800000000000",
      "borrowRatePerBlock": "1902587519",
      "borrowXvsApr": "0.200882672824011072",
      "borrowXvsApy": "0.600882672824011072",
      "borrowerCount": 315,
      "collateral": true,
      "collateralFactor": "800000000000000000",
      "exchangeRate": "200776461931237",
      "id": "usdt",
      "liquidityCents": 1.0097990100071568e+24,
      "name": "Venus USDT",
      "percentOfLimit": 0,
      "reserveFactor": "100000000000000000",
      "supplierCount": 736,
      "supplyApy": "0",
      "supplyBalanceTokens": "0",
      "supplyDailyXvsWei": "499999996800000000000",
      "supplyRatePerBlock": "0",
      "supplyXvsApr": "0",
      "supplyXvsApy": "0",
      "symbol": "vUSDT",
      "tokenPriceDollars": 0.9999,
      "totalBorrowsCents": 30462894.48421817,
      "totalBorrowsTokens": "30465941.078326",
      "totalBorrowsWei": "30465941078326",
      "totalReservesWei": "5143616150",
      "totalSupplyCents": 1.0097990100071568e+24,
      "totalSupplyTokens": "5.029972090817266864401527367893625e+25",
      "totalSupplyWei": "5.029972090817266864401527367893625e+33",
      "totalXvsDistributedWei": "2.61028193413428193742555e+23",
      "underlyingAddress": "0xa11c8d9dc9b66e209ef60f0c8d969d3cd988782c",
      "underlyingDecimals": 6,
      "underlyingName": "USDT",
      "underlyingSymbol": "USDT",
      "walletBalanceTokens": "1.0000000000000022287821803419e+22",
    },
    Object {
      "address": "0x08e0a5575de71037ae36abfafb516595fe68e5e4",
      "borrowApy": "-2.8269802937000055",
      "borrowBalanceTokens": "13037195.563371302902611447",
      "borrowCapTokens": "0",
      "borrowDailyXvsWei": "499999996800000000000",
      "borrowRatePerBlock": "2659364924",
      "borrowXvsApr": "0.001753286763848276",
      "borrowXvsApy": "0.021753286763848276",
      "borrowerCount": 533,
      "collateral": true,
      "collateralFactor": "800000000000000000",
      "exchangeRate": "2.03250929506210460236203852e+26",
      "id": "busd",
      "liquidityCents": 9708012785.78338,
      "name": "Venus BUSD",
      "percentOfLimit": 0,
      "reserveFactor": "0",
      "supplierCount": 2235,
      "supplyApy": "0.222026939368167748",
      "supplyBalanceTokens": "100002044.854604682831251369",
      "supplyDailyXvsWei": "499999996800000000000",
      "supplyRatePerBlock": "211558970",
      "supplyXvsApr": "0.000730355354365121",
      "supplyXvsApy": "0.001730355354365121",
      "symbol": "vBUSD",
      "tokenPriceDollars": 1.00019714,
      "totalBorrowsCents": 839044672.1208831,
      "totalBorrowsTokens": "838879295.456576767818085792",
      "totalBorrowsWei": "8.38879295456576767818085792e+26",
      "totalReservesWei": "0",
      "totalSupplyCents": 10547057457.904264,
      "totalSupplyTokens": "518815763668.95517915",
      "totalSupplyWei": "51881576366895517915",
      "totalXvsDistributedWei": "9.28041441075244160402698e+23",
      "underlyingAddress": "0x8301f2213c0eed49a7e28ae4c3e91722919b8b47",
      "underlyingDecimals": 18,
      "underlyingName": "BUSD",
      "underlyingSymbol": "BUSD",
      "walletBalanceTokens": "9915501406.868175386591055703",
    },
    Object {
      "address": "0x2e7222e51c0f6e98610a1543aa3836e092cde62c",
      "borrowApy": "-94.54098055818199",
      "borrowBalanceTokens": "27338.744865716700054022",
      "borrowCapTokens": "0",
      "borrowDailyXvsWei": "1.4999999904e+21",
      "borrowRatePerBlock": "63537978713",
      "borrowXvsApr": "1.041107132664179593",
      "borrowXvsApy": "1.141107132664179593",
      "borrowerCount": 261,
      "collateral": true,
      "collateralFactor": "800000000000000000",
      "exchangeRate": "3.30956612621207769628724685e+26",
      "id": "bnb",
      "liquidityCents": 39.74299288376533,
      "name": "Venus BNB",
      "percentOfLimit": 0,
      "reserveFactor": "100000000000000000",
      "supplierCount": 1700,
      "supplyApy": "86.319696955441989068",
      "supplyBalanceTokens": "136076.839108609628017125",
      "supplyDailyXvsWei": "1.4999999904e+21",
      "supplyRatePerBlock": "59411825838",
      "supplyXvsApr": "1.085821799653397884",
      "supplyXvsApy": "1.185821799653397884",
      "symbol": "vBNB",
      "tokenPriceDollars": 294.99354795,
      "totalBorrowsCents": 46442934.42793576,
      "totalBorrowsTokens": "163570.361869451489735025",
      "totalBorrowsWei": "1.63570361869451489735025e+23",
      "totalReservesWei": "6.133177004077521280386e+21",
      "totalSupplyCents": 46442974.170928635,
      "totalSupplyTokens": "4757036.06186365",
      "totalSupplyWei": "475703606186365",
      "totalXvsDistributedWei": "9.24581599833008256507394e+23",
      "underlyingAddress": "0x2e7222e51c0f6e98610a1543aa3836e092cde62c",
      "underlyingDecimals": 18,
      "underlyingName": "BNB",
      "underlyingSymbol": "BNB",
      "walletBalanceTokens": "0.37300871",
    },
    Object {
      "address": "0x6d6f697e34145bb95c54e77482d97cc261dc237e",
      "borrowApy": "-19.90282685098207",
      "borrowBalanceTokens": "0",
      "borrowCapTokens": "270000",
      "borrowDailyXvsWei": "0",
      "borrowRatePerBlock": "17318825939",
      "borrowXvsApr": "0",
      "borrowXvsApy": "0",
      "borrowerCount": 77,
      "collateral": true,
      "collateralFactor": "600000000000000000",
      "exchangeRate": "2.04041166131259234448353346e+26",
      "id": "xvs",
      "liquidityCents": 1384009.1488522512,
      "name": "vXVS",
      "percentOfLimit": 0,
      "reserveFactor": "250000000000000000",
      "supplierCount": 326,
      "supplyApy": "2.509901167951039272",
      "supplyBalanceTokens": "0",
      "supplyDailyXvsWei": "0",
      "supplyRatePerBlock": "2364740614",
      "supplyXvsApr": "0",
      "supplyXvsApy": "0",
      "symbol": "Venus XVS",
      "tokenPriceDollars": 1,
      "totalBorrowsCents": 306488.83710283635,
      "totalBorrowsTokens": "306488.837102836344256144",
      "totalBorrowsWei": "3.06488837102836344256144e+23",
      "totalReservesWei": "9.456129458228979467263e+21",
      "totalSupplyCents": 1680905.5583455726,
      "totalSupplyTokens": "82380707.29630362",
      "totalSupplyWei": "8238070729630362",
      "totalXvsDistributedWei": "1.4741627176673067611956e+22",
      "underlyingAddress": "0xb9e0e753630434d7863528cc73cb7ac638a7c8ff",
      "underlyingDecimals": 18,
      "underlyingName": "Venus",
      "underlyingSymbol": "XVS",
      "walletBalanceTokens": "7960911.638875779896204111",
    },
    Object {
      "address": "0xb6e9322c49fd75a367fcb17b0fcd62c5070ebcbe",
      "borrowApy": "-5.7292945208867785",
      "borrowBalanceTokens": "50.098633741742514742",
      "borrowCapTokens": "0",
      "borrowDailyXvsWei": "1.4999999904e+21",
      "borrowRatePerBlock": "5314797005",
      "borrowXvsApr": "3.543731091576054636",
      "borrowXvsApy": "4.543731091576054636",
      "borrowerCount": 51,
      "collateral": true,
      "collateralFactor": "800000000000000000",
      "exchangeRate": "2.12172252987059295432459634e+26",
      "id": "btcb",
      "liquidityCents": 22080059.440703537,
      "name": "Venus BTC",
      "percentOfLimit": 0,
      "reserveFactor": "100000000000000000",
      "supplierCount": 415,
      "supplyApy": "1.814867084183460806",
      "supplyBalanceTokens": "0",
      "supplyDailyXvsWei": "1.4999999904e+21",
      "supplyRatePerBlock": "1715735073",
      "supplyXvsApr": "1.306740170918635611",
      "supplyXvsApy": "1.606740170918635611",
      "symbol": "vBTC",
      "tokenPriceDollars": 30046.80414779,
      "totalBorrowsCents": 12320541.356261484,
      "totalBorrowsTokens": "410.044985006090348771",
      "totalBorrowsWei": "410044985006090348771",
      "totalReservesWei": "1766090250815625642",
      "totalSupplyCents": 34347477.10121829,
      "totalSupplyTokens": "53877.56610941",
      "totalSupplyWei": "5387756610941",
      "totalXvsDistributedWei": "2.69883213682078411469965e+23",
      "underlyingAddress": "0xa808e341e8e723dc6ba0bb5204bafc2330d7b8e4",
      "underlyingDecimals": 18,
      "underlyingName": "BTCB Token",
      "underlyingSymbol": "BTCB",
      "walletBalanceTokens": "77.206518420139934356",
    },
    Object {
      "address": "0x162d005f0fff510e54958cfc5cf32a3180a84aab",
      "borrowApy": "-8.426578436066722",
      "borrowBalanceTokens": "21.87357158118604801",
      "borrowCapTokens": "0",
      "borrowDailyXvsWei": "250000012800000000000",
      "borrowRatePerBlock": "7718259020",
      "borrowXvsApr": "0.194444965549789125",
      "borrowXvsApy": "0.594444965549789125",
      "borrowerCount": 51,
      "collateral": true,
      "collateralFactor": "800000000000000000",
      "exchangeRate": "2.08250451380553909868278876e+26",
      "id": "eth",
      "liquidityCents": 9845948.33907735,
      "name": "Venus ETH",
      "percentOfLimit": 0,
      "reserveFactor": "100000000000000000",
      "supplierCount": 211,
      "supplyApy": "4.552151837121089047",
      "supplyBalanceTokens": "0.000002413831330426",
      "supplyDailyXvsWei": "250000012800000000000",
      "supplyRatePerBlock": "4246655958",
      "supplyXvsApr": "0.163034531797658077",
      "supplyXvsApy": "0.363034531797658077",
      "symbol": "vETH",
      "tokenPriceDollars": 2216.20104621,
      "totalBorrowsCents": 15395909.552987011,
      "totalBorrowsTokens": "6946.982350412691554991",
      "totalBorrowsWei": "6.946982350412691554991e+21",
      "totalReservesWei": "27361500255976792194",
      "totalSupplyCents": 25180823.68186685,
      "totalSupplyTokens": "545600.58223524",
      "totalSupplyWei": "54560058223524",
      "totalXvsDistributedWei": "3.9187748549171109238285e+22",
      "underlyingAddress": "0x98f7a83361f7ac8765ccebab1425da6b341958a7",
      "underlyingDecimals": 18,
      "underlyingName": "Ethereum Token",
      "underlyingSymbol": "ETH",
      "walletBalanceTokens": "2.027768654221373684",
    },
    Object {
      "address": "0xafc13bc065abee838540823431055d2ea52eba52",
      "borrowApy": "-3.1620166111983328",
      "borrowBalanceTokens": "459.14549864903700506",
      "borrowCapTokens": "0",
      "borrowDailyXvsWei": "250000012800000000000",
      "borrowRatePerBlock": "2969691931",
      "borrowXvsApr": "6.470759902626424876",
      "borrowXvsApy": "7.470759902626424876",
      "borrowerCount": 15,
      "collateral": true,
      "collateralFactor": "600000000000000000",
      "exchangeRate": "2.01011249371353901660822109e+26",
      "id": "ltc",
      "liquidityCents": 10025195.907286024,
      "name": "Venus LTC",
      "percentOfLimit": 0,
      "reserveFactor": "100000000000000000",
      "supplierCount": 150,
      "supplyApy": "0.314789932511761432",
      "supplyBalanceTokens": "96005.08925446772751426",
      "supplyDailyXvsWei": "250000012800000000000",
      "supplyRatePerBlock": "299810042",
      "supplyXvsApr": "0.511613513165150039",
      "supplyXvsApy": "0.811613513165150039",
      "symbol": "vLTC",
      "tokenPriceDollars": 77.08032554,
      "totalBorrowsCents": 1266380.8721955398,
      "totalBorrowsTokens": "16429.365902695430643694",
      "totalBorrowsWei": "1.6429365902695430643694e+22",
      "totalReservesWei": "40083769609634382585",
      "totalSupplyCents": 11288475.176948646,
      "totalSupplyTokens": "7285701.58873914",
      "totalSupplyWei": "728570158873914",
      "totalXvsDistributedWei": "5.6938118314580806468076e+22",
      "underlyingAddress": "0x969f147b6b8d81f86175de33206a4fd43df17913",
      "underlyingDecimals": 18,
      "underlyingName": "Litecoin Token",
      "underlyingSymbol": "LTC",
      "walletBalanceTokens": "9410",
    },
    Object {
      "address": "0x488ab2826a154da01cc4cc16a8c83d4720d3ca2c",
      "borrowApy": "-4.83745439850239",
      "borrowBalanceTokens": "0",
      "borrowCapTokens": "0",
      "borrowDailyXvsWei": "250000012800000000000",
      "borrowRatePerBlock": "4506637001",
      "borrowXvsApr": "3.103840954113091774",
      "borrowXvsApy": "3.503840954113091774",
      "borrowerCount": 31,
      "collateral": true,
      "collateralFactor": "600000000000000000",
      "exchangeRate": "2.06265723700484275963617532e+26",
      "id": "xrp",
      "liquidityCents": 7038696.186465026,
      "name": "Venus XRP",
      "percentOfLimit": 0,
      "reserveFactor": "100000000000000000",
      "supplierCount": 188,
      "supplyApy": "1.170702197010185572",
      "supplyBalanceTokens": "15283991.474622634742699028",
      "supplyDailyXvsWei": "250000012800000000000",
      "supplyRatePerBlock": "1110272727",
      "supplyXvsApr": "0.547264218064808693",
      "supplyXvsApy": "0.947264218064808693",
      "symbol": "vXRP",
      "tokenPriceDollars": 0.49118518,
      "totalBorrowsCents": 2649523.141081648,
      "totalBorrowsTokens": "5394143.0828219372345264",
      "totalBorrowsWei": "5.3941430828219372345264e+24",
      "totalReservesWei": "1.9878011501750237063796e+22",
      "totalSupplyCents": 9678432.801886978,
      "totalSupplyTokens": "955284474.04746024",
      "totalSupplyWei": "95528447404746024",
      "totalXvsDistributedWei": "5.4890055744556470510766e+22",
      "underlyingAddress": "0x3022a32fdadb4f02281e8fab33e0a6811237aab0",
      "underlyingDecimals": 18,
      "underlyingName": "XRP Token",
      "underlyingSymbol": "XRP",
      "walletBalanceTokens": "26757685.698668550913435676",
    },
    Object {
      "address": "0x37c28de42ba3d22217995d146fc684b2326ede64",
      "borrowApy": "-6.222291162175558",
      "borrowBalanceTokens": "477404.693314840191116413",
      "borrowCapTokens": "0",
      "borrowDailyXvsWei": "87499999999999872000",
      "borrowRatePerBlock": "5758623724",
      "borrowXvsApr": "0.354335409204269745",
      "borrowXvsApy": "0.754335409204269745",
      "borrowerCount": 19,
      "collateral": true,
      "collateralFactor": "600000000000000000",
      "exchangeRate": "2.04671747565583125786130943e+26",
      "id": "ada",
      "liquidityCents": 6233328.0353759965,
      "name": "Venus ADA",
      "percentOfLimit": 0,
      "reserveFactor": "0",
      "supplierCount": 157,
      "supplyApy": "2.477129675383148568",
      "supplyBalanceTokens": "10223438.720317962598219735",
      "supplyDailyXvsWei": "87499999999999872000",
      "supplyRatePerBlock": "2334238120",
      "supplyXvsApr": "0.105120518892226646",
      "supplyXvsApy": "0.305120518892226646",
      "symbol": "vADA",
      "tokenPriceDollars": 0.59959246,
      "totalBorrowsCents": 4249764.3156555025,
      "totalBorrowsTokens": "7087754.765387647865700213",
      "totalBorrowsWei": "7.087754765387647865700213e+24",
      "totalReservesWei": "0",
      "totalSupplyCents": 10483092.326563347,
      "totalSupplyTokens": "854231043.6773538",
      "totalSupplyWei": "85423104367735380",
      "totalXvsDistributedWei": "1.583025568213091860027e+22",
      "underlyingAddress": "0xcd34bc54106bd45a04ed99ebcc2a6a3e70d7210f",
      "underlyingDecimals": 18,
      "underlyingName": "Binance-Peg Cardano Token",
      "underlyingSymbol": "ADA",
      "walletBalanceTokens": "9999990460397.064552020012616879",
    },
    Object {
      "address": "0xf912d3001caf6dc4add366a62cc9115b4303c9a9",
      "borrowApy": "-11.43143544764434",
      "borrowBalanceTokens": "2457.30939228",
      "borrowCapTokens": "0",
      "borrowDailyXvsWei": "45805000000000032000",
      "borrowRatePerBlock": "10326558846",
      "borrowXvsApr": "1.120862854912494938",
      "borrowXvsApy": "1.720862854912494938",
      "borrowerCount": 20,
      "collateral": true,
      "collateralFactor": "800000000000000000",
      "exchangeRate": "21785637795706744",
      "id": "doge",
      "liquidityCents": 126542.24800926363,
      "name": "Venus DOGE",
      "percentOfLimit": 0,
      "reserveFactor": "0",
      "supplierCount": 9,
      "supplyApy": "10.059455250632296701",
      "supplyBalanceTokens": "10892830.35019871",
      "supplyDailyXvsWei": "45805000000000032000",
      "supplyRatePerBlock": "9144455617",
      "supplyXvsApr": "1.122555082433944633",
      "supplyXvsApy": "1.522555082433944633",
      "symbol": "vDOGE",
      "tokenPriceDollars": 0.10127635,
      "totalBorrowsCents": 979850.0666293829,
      "totalBorrowsTokens": "9675013.6298295",
      "totalBorrowsWei": "967501362982950",
      "totalReservesWei": "0",
      "totalSupplyCents": 1106392.3146386466,
      "totalSupplyTokens": "501453688.92336486",
      "totalSupplyWei": "50145368892336486",
      "totalXvsDistributedWei": "2.487257000503896499312e+21",
      "underlyingAddress": "0x67d262ce2b8b846d9b94060bc04dc40a83f0e25b",
      "underlyingDecimals": 8,
      "underlyingName": "DOGE",
      "underlyingSymbol": "DOGE",
      "walletBalanceTokens": "1.000000000000009999999999997869620548184657e+34",
    },
    Object {
      "address": "0x3619bddc61189f33365cc572df3a68fb3b316516",
      "borrowApy": "-3.3210326984806846",
      "borrowBalanceTokens": "126704.13024174070937539",
      "borrowCapTokens": "0",
      "borrowDailyXvsWei": "0",
      "borrowRatePerBlock": "3116628850",
      "borrowXvsApr": "0",
      "borrowXvsApy": "0",
      "borrowerCount": 7,
      "collateral": true,
      "collateralFactor": "600000000000000000",
      "exchangeRate": "2.00620877876452772607240871e+26",
      "id": "matic",
      "liquidityCents": 1096504.1792625657,
      "name": "Venus MATIC",
      "percentOfLimit": 0,
      "reserveFactor": "100000000000000000",
      "supplierCount": 152,
      "supplyApy": "0.250490295580310715",
      "supplyBalanceTokens": "1003104.395412477901702707",
      "supplyDailyXvsWei": "0",
      "supplyRatePerBlock": "238646550",
      "supplyXvsApr": "0",
      "supplyXvsApy": "0",
      "symbol": "vMATIC",
      "tokenPriceDollars": 0.80243355,
      "totalBorrowsCents": 101945.25209929273,
      "totalBorrowsTokens": "127045.101864562779374701",
      "totalBorrowsWei": "1.27045101864562779374701e+23",
      "totalReservesWei": "367622752501696670187",
      "totalSupplyCents": 1198153.7551179721,
      "totalSupplyTokens": "74426457.52253233",
      "totalSupplyWei": "7442645752253233",
      "totalXvsDistributedWei": "11925663273993640489",
      "underlyingAddress": "0xcfeb0103d4befa041ea4c2dacce7b3e83e1ae7e3",
      "underlyingDecimals": 18,
      "underlyingName": "Polygon",
      "underlyingSymbol": "MATIC",
      "walletBalanceTokens": "1.000000000009999123122999e+21",
    },
    Object {
      "address": "0xedac03d29ff74b5fdc0cc936f6288312e1459bc6",
      "borrowApy": "-9.944536924720465",
      "borrowBalanceTokens": "1116349.051316481242864469",
      "borrowCapTokens": "50000",
      "borrowDailyXvsWei": "87499999999999872000",
      "borrowRatePerBlock": "9044775479",
      "borrowXvsApr": "0.06982533135294494",
      "borrowXvsApy": "0.26982533135294494",
      "borrowerCount": 9,
      "collateral": true,
      "collateralFactor": "600000000000000000",
      "exchangeRate": "2.31298626325301501503136788e+26",
      "id": "cake",
      "liquidityCents": 12750279.07002412,
      "name": "Venus CAKE",
      "percentOfLimit": 0,
      "reserveFactor": "250000000000000000",
      "supplierCount": 195,
      "supplyApy": "3.62333736102284998",
      "supplyBalanceTokens": "1971598.000879882140081876",
      "supplyDailyXvsWei": "87499999999999872000",
      "supplyRatePerBlock": "3395349012",
      "supplyXvsApr": "0.034967169585684514",
      "supplyXvsApy": "0.134967169585684514",
      "symbol": "vCAKE",
      "tokenPriceDollars": 10.61421765,
      "totalBorrowsCents": 11852278.721560158,
      "totalBorrowsTokens": "1116641.764130412123471042",
      "totalBorrowsWei": "1.116641764130412123471042e+24",
      "totalReservesWei": "8.6991589471047234710721e+22",
      "totalSupplyCents": 23679083.420819227,
      "totalSupplyTokens": "96450358.27191448",
      "totalSupplyWei": "9645035827191448",
      "totalXvsDistributedWei": "4.473844947570194592813e+21",
      "underlyingAddress": "0xe8bd7ccc165faeb9b81569b05424771b9a20cbef",
      "underlyingDecimals": 18,
      "underlyingName": "CAKE",
      "underlyingSymbol": "CAKE",
      "walletBalanceTokens": "10099056442.61527168017781011",
    },
    Object {
      "address": "0x714db6c38a17883964b68a07d56ce331501d9eb6",
      "borrowApy": "-0.15634638954092597",
      "borrowBalanceTokens": "4.95236796334e-7",
      "borrowCapTokens": "0",
      "borrowDailyXvsWei": "12500000000000006400",
      "borrowRatePerBlock": "149023801",
      "borrowXvsApr": "11.754861490074778241",
      "borrowXvsApy": "14.754861490074778241",
      "borrowerCount": 6,
      "collateral": true,
      "collateralFactor": "550000000000000000",
      "exchangeRate": "2001142469730178653",
      "id": "aave",
      "liquidityCents": 4198428.823994916,
      "name": "Venus AAVE",
      "percentOfLimit": 0,
      "reserveFactor": "0",
      "supplierCount": 144,
      "supplyApy": "0.001223666324407421",
      "supplyBalanceTokens": "0",
      "supplyDailyXvsWei": "12500000000000006400",
      "supplyRatePerBlock": "1167257",
      "supplyXvsApr": "0.00787839946684478",
      "supplyXvsApy": "0.10787839946684478",
      "symbol": "vAAVE",
      "tokenPriceDollars": 399.24,
      "totalBorrowsCents": 33144.70130667992,
      "totalBorrowsTokens": "83.019490298266506222",
      "totalBorrowsWei": "83019490298266506222",
      "totalReservesWei": "0",
      "totalSupplyCents": 4231573.525296656,
      "totalSupplyTokens": "52965104736226.0635259",
      "totalSupplyWei": "5.29651047362260635259e+21",
      "totalXvsDistributedWei": "805404721151106522488",
      "underlyingAddress": "0x4b7268fc7c727b88c5fc127d41b491bfae63e144",
      "underlyingDecimals": 18,
      "underlyingName": "Aave Token",
      "underlyingSymbol": "AAVE",
      "walletBalanceTokens": "0",
    },
    Object {
      "address": "0x3a00d9b02781f47d033bad62edc55fbf8d083fb0",
      "borrowApy": "-0.000407488053549464",
      "borrowBalanceTokens": "7000.000289196950794559",
      "borrowCapTokens": "0",
      "borrowDailyXvsWei": "25000000000000012800",
      "borrowRatePerBlock": "388705",
      "borrowXvsApr": "100.564801757396621173",
      "borrowXvsApy": "200.564801757396621173",
      "borrowerCount": 5,
      "collateral": true,
      "collateralFactor": "800000000000000000",
      "exchangeRate": "22000001807861542925",
      "id": "tusd",
      "liquidityCents": 101302248.12454562,
      "name": "Venus TUSD",
      "percentOfLimit": 0,
      "reserveFactor": "200000000000000000",
      "supplierCount": 138,
      "supplyApy": "2.6208000003e-8",
      "supplyBalanceTokens": "0",
      "supplyDailyXvsWei": "25000000000000012800",
      "supplyRatePerBlock": "25",
      "supplyXvsApr": "0.001007365834885316",
      "supplyXvsApy": "0.009007365834885316",
      "symbol": "vTUSD",
      "tokenPriceDollars": 1,
      "totalBorrowsCents": 8279.243179938772,
      "totalBorrowsTokens": "8279.243179938772394707",
      "totalBorrowsWei": "8.279243179938772394707e+21",
      "totalReservesWei": "3165772154431927",
      "totalSupplyCents": 101310527.3645475,
      "totalSupplyTokens": "46050235926955659.94023635",
      "totalSupplyWei": "4.605023592695565994023635e+24",
      "totalXvsDistributedWei": "3.480434118996107519026e+21",
      "underlyingAddress": "0xfec3a63401eb9c1476200d7c32c4009be0154169",
      "underlyingDecimals": 18,
      "underlyingName": "TrueUSD",
      "underlyingSymbol": "TUSD",
      "walletBalanceTokens": "10813007000",
    },
    Object {
      "address": "0x369fea97f6fb7510755dca389088d9e2e2819278",
      "borrowApy": "-2.025978773806436",
      "borrowBalanceTokens": "0",
      "borrowCapTokens": "0",
      "borrowDailyXvsWei": "25000000000000012800",
      "borrowRatePerBlock": "1913331935",
      "borrowXvsApr": "6102.522495213142034502",
      "borrowXvsApy": "8102.522495213142034502",
      "borrowerCount": 3,
      "collateral": false,
      "collateralFactor": "600000000000000000",
      "exchangeRate": "6.00002022860159246718492595e+26",
      "id": "trx",
      "liquidityCents": 2731134.739119161,
      "name": "Venus TRX",
      "percentOfLimit": 0,
      "reserveFactor": "200000000000000000",
      "supplierCount": 133,
      "supplyApy": "0.001208241156882074",
      "supplyBalanceTokens": "0",
      "supplyDailyXvsWei": "25000000000000012800",
      "supplyRatePerBlock": "1152543",
      "supplyXvsApr": "0.134415260865180737",
      "supplyXvsApy": "0.334415260865180737",
      "symbol": "vTRX",
      "tokenPriceDollars": 1,
      "totalBorrowsCents": 2058.082101085432,
      "totalBorrowsTokens": "2058.082101085432106229",
      "totalBorrowsWei": "2.058082101085432106229e+21",
      "totalReservesWei": "1928237688519600088",
      "totalSupplyCents": 2733190.8780013714,
      "totalSupplyTokens": "45553027.72101467",
      "totalSupplyWei": "4555302772101467",
      "totalXvsDistributedWei": "4.020812639092057763349e+21",
      "underlyingAddress": "0x19e7215abf8b2716ee807c9f4b83af0e7f92653f",
      "underlyingDecimals": 18,
      "underlyingName": "TRON",
      "underlyingSymbol": "TRX",
      "walletBalanceTokens": "3.000003203144915042",
    },
    Object {
      "address": "0xf206af85bc2761c4f876d27bd474681cfb335efa",
      "borrowApy": "-0.03324775882974874",
      "borrowBalanceTokens": "0",
      "borrowCapTokens": "0",
      "borrowDailyXvsWei": "25000000000000012800",
      "borrowRatePerBlock": "31710020",
      "borrowXvsApr": "1.342286892512915770892913642930703690751510720619883895e+37",
      "borrowXvsApy": "2.342286892512915770892913642930703690751510720619883895e+37",
      "borrowerCount": 2,
      "collateral": false,
      "collateralFactor": "800000000000000000",
      "exchangeRate": "2.00638352166895487923719572e+26",
      "id": "ust",
      "liquidityCents": 14900.999999998927,
      "name": "Venus UST",
      "percentOfLimit": 0,
      "reserveFactor": "200000000000000000",
      "supplierCount": 5,
      "supplyApy": "0.000177293083452232",
      "supplyBalanceTokens": "0",
      "supplyDailyXvsWei": "25000000000000012800",
      "supplyRatePerBlock": "169121",
      "supplyXvsApr": "53.636157517717037851",
      "supplyXvsApy": "83.636157517717037851",
      "symbol": "vUST",
      "tokenPriceDollars": 1,
      "totalBorrowsCents": 100.00793237213038,
      "totalBorrowsTokens": "100.007932372130381683",
      "totalBorrowsWei": "100007932372130381683",
      "totalReservesWei": "1485321463606881",
      "totalSupplyCents": 15001.00634589663,
      "totalSupplyTokens": "747663.95277302",
      "totalSupplyWei": "74766395277302",
      "totalXvsDistributedWei": "601657108765212809008",
      "underlyingAddress": "0x5a79efd958432e72211ee73d5ddfa9bc8f248b5f",
      "underlyingDecimals": 18,
      "underlyingName": "UST",
      "underlyingSymbol": "UST",
      "walletBalanceTokens": "0",
    },
    Object {
      "address": "0x9c3015191d39cf1930f92eb7e7bcbd020bca286a",
      "borrowApy": "-2.014488268288307",
      "borrowBalanceTokens": "0",
      "borrowCapTokens": "0",
      "borrowDailyXvsWei": "37500000000000019200",
      "borrowRatePerBlock": "1902587519",
      "borrowXvsApr": "1.187706392698558375",
      "borrowXvsApy": "1.587706392698558375",
      "borrowerCount": 0,
      "collateral": false,
      "collateralFactor": "550000000000000000",
      "exchangeRate": "20000000000000000",
      "id": "luna",
      "liquidityCents": 1375,
      "name": "Venus LUNA",
      "percentOfLimit": 0,
      "reserveFactor": "250000000000000000",
      "supplierCount": 3,
      "supplyApy": "0",
      "supplyBalanceTokens": "0",
      "supplyDailyXvsWei": "37500000000000019200",
      "supplyRatePerBlock": "0",
      "supplyXvsApr": "16.587706392698558375",
      "supplyXvsApy": "18.587706392698558375",
      "symbol": "vLUNA",
      "tokenPriceDollars": 1,
      "totalBorrowsCents": 0,
      "totalBorrowsTokens": "0",
      "totalBorrowsWei": "0",
      "totalReservesWei": "0",
      "totalSupplyCents": 1375,
      "totalSupplyTokens": "687.5",
      "totalSupplyWei": "68750000000",
      "totalXvsDistributedWei": "473744640414562532119",
      "underlyingAddress": "0xf36160ec62e3b191ea375dadfe465e8fa1f8cabb",
      "underlyingDecimals": 6,
      "underlyingName": "LUNA (Wormhole)",
      "underlyingSymbol": "LUNA",
      "walletBalanceTokens": "0",
    },
  ],
  "userTotalBorrowBalanceCents": 6216414758.467083,
  "userTotalBorrowLimitCents": 1.3871432693347987e+28,
  "userTotalSupplyBalanceCents": 18411477984.631676,
}
`;
